Process exited with status exited(0).
STDOUT:
73
STDERR:



