Process exited with status exited(0).
STDOUT:
Hello world!

STDERR:



