Process exited with status exited(0).
STDOUT:
The universe is big, it's vast and complicated, and ridiculous and sometimes, very rarely, impossible things just happen and we call them miracles.
Like an assignment that works, for instance!

STDERR:



