Process exited with status exited(0).
STDOUT:
37 73 31 13 0 99

STDERR:



