Process exited with status exited(0).
STDOUT:
37

STDERR:



