Process exited with status exited(0).
STDOUT:
110

STDERR:



