Process exited with status exited(0).
STDOUT:
0

STDERR:



