Process exited with status exited(0).
STDOUT:
0
1
0
0

STDERR:



