Process exited with status exited(0).
STDOUT:
1000
STDERR:



