Line 1, characters 22-23: Error (typechecking)
  Type error:
Expected:
  int
Given:
  string

