Line 1, characters 18-21: Error (typechecking)
  Type error:
Expected:
  int
Given:
  char

