Line 1, characters 14-17: Error (typechecking)
  Type error:
Expected:
  int
Given:
  char

