Line 3, characters 4-5: Error (typechecking)
  Unbound value `y'.
