double_omega : int -> int
omega : int -> int
main : int
