fst : int * int -> int
snd : int * int -> int
main : int
