Line 20, characters 8-44: Error (typechecking)
  Type error:
Expected:
  int
Given:
  int -> int

