Line 4, characters 36-37: Error (typechecking)
  Type error:
Expected:
  `b
Given:
  `a

