Line 3, characters 41-42: Error (typechecking)
  Type error:
Expected:
  int
Given:
  string

