Line 3, characters 22-23: Error (typechecking)
  Type error:
Expected:
  l
Given:
  int

