Line 4, characters 23-73: Error (typechecking)
  Only functions can be applied.
