Line 3, characters 43-46: Error (typechecking)
  Unbound constructor `B'.
