Line 3, characters 39-74: Error (typechecking)
  All patterns must have the same type.
