Line 4, characters 2-59: Error (typechecking)
  All patterns must have the same type.
