Line 4, characters 26-27: Error (typechecking)
  This is the second occurrence of this variable in the pattern.
