Line 3, characters 42-61: Error (typechecking)
  Only functions can be applied.
