Line 4, characters 62-63: Error (typechecking)
  This is the second occurrence of this variable in the pattern.
