Line 1, characters 31-37: Error (typechecking)
  This pattern is not compatible with the matched value.
