Line 1, characters 50-64: Error (typechecking)
  This pattern is not compatible with the matched value.
