Line 1, characters 14-21: Error (typechecking)
  Type error:
Expected:
  int
Given:
  mut<int>

