Line 4, characters 13-14: Error (typechecking)
  Type error:
Expected:
  int
Given:
  string

